[     131ms] [LOG] [Fast Refresh] rebuilding @ http://localhost:3000/_next/static/chunks/node_modules_next_dist_115brz8._.js:2431
[     159ms] [LOG] [Fast Refresh] done in 138ms @ http://localhost:3000/_next/static/chunks/node_modules_next_dist_115brz8._.js:2431
[     375ms] [INFO] %cDownload the React DevTools for a better development experience: https://react.dev/link/react-devtools font-weight:bold @ http://localhost:3000/_next/static/chunks/node_modules_next_dist_115brz8._.js:2431
[     419ms] [LOG] [HMR] connected @ http://localhost:3000/_next/static/chunks/node_modules_next_dist_115brz8._.js:2431
[     688ms] [ERROR] Failed to load resource: the server responded with a status of 401 (Unauthorized) @ http://localhost:3000/api/auth/refresh:0
[     723ms] [LOG] [Fast Refresh] rebuilding @ http://localhost:3000/_next/static/chunks/node_modules_next_dist_115brz8._.js:2431
[     723ms] [LOG] [Fast Refresh] done in 201ms @ http://localhost:3000/_next/static/chunks/node_modules_next_dist_115brz8._.js:2431
[   22368ms] [WARNING] Image with src "https://x52lacmlpqhuxqcx.public.blob.vercel-storage.com/WHITE%20OUD%2C%20Unisex-z60Ch7i4KEzy8U1qoSfaVAJhyWjxdO.webp" was detected as the Largest Contentful Paint (LCP). Please add the `loading="eager"` property if this image is above the fold.
Read more: https://nextjs.org/docs/app/api-reference/components/image#loading @ http://localhost:3000/_next/static/chunks/node_modules_next_dist_115brz8._.js:2431
[   71782ms] [ERROR] WebSocket connection to 'ws://localhost:3000/_next/webpack-hmr?id=MVSI6Skg4ORJgBgzdQta6' failed: Error in connection establishment: net::ERR_CONNECTION_REFUSED @ http://localhost:3000/_next/static/chunks/node_modules_next_dist_client_0fhqo1d._.js:13299
[   75127ms] [ERROR] WebSocket connection to 'ws://localhost:3000/_next/webpack-hmr?id=MVSI6Skg4ORJgBgzdQta6' failed: Error in connection establishment: net::ERR_CONNECTION_REFUSED @ http://localhost:3000/_next/static/chunks/node_modules_next_dist_client_0fhqo1d._.js:13299
[   78458ms] [ERROR] WebSocket connection to 'ws://localhost:3000/_next/webpack-hmr?id=MVSI6Skg4ORJgBgzdQta6' failed: Error in connection establishment: net::ERR_CONNECTION_REFUSED @ http://localhost:3000/_next/static/chunks/node_modules_next_dist_client_0fhqo1d._.js:13299
[   81822ms] [ERROR] WebSocket connection to 'ws://localhost:3000/_next/webpack-hmr?id=MVSI6Skg4ORJgBgzdQta6' failed: Error in connection establishment: net::ERR_CONNECTION_REFUSED @ http://localhost:3000/_next/static/chunks/node_modules_next_dist_client_0fhqo1d._.js:13299
[   85172ms] [ERROR] WebSocket connection to 'ws://localhost:3000/_next/webpack-hmr?id=MVSI6Skg4ORJgBgzdQta6' failed: Error in connection establishment: net::ERR_CONNECTION_REFUSED @ http://localhost:3000/_next/static/chunks/node_modules_next_dist_client_0fhqo1d._.js:13299
[   97923ms] [ERROR] WebSocket connection to 'ws://localhost:3000/_next/webpack-hmr?id=MVSI6Skg4ORJgBgzdQta6' failed: Error in connection establishment: net::ERR_CONNECTION_REFUSED @ http://localhost:3000/_next/static/chunks/node_modules_next_dist_client_0fhqo1d._.js:13299
[  106053ms] [ERROR] WebSocket connection to 'ws://localhost:3000/_next/webpack-hmr?id=MVSI6Skg4ORJgBgzdQta6' failed: Error in connection establishment: net::ERR_CONNECTION_REFUSED @ http://localhost:3000/_next/static/chunks/node_modules_next_dist_client_0fhqo1d._.js:13299
[  116959ms] [ERROR] WebSocket connection to 'ws://localhost:3000/_next/webpack-hmr?id=MVSI6Skg4ORJgBgzdQta6' failed: Error in connection establishment: net::ERR_CONNECTION_REFUSED @ http://localhost:3000/_next/static/chunks/node_modules_next_dist_client_0fhqo1d._.js:13299
[  128247ms] [ERROR] WebSocket connection to 'ws://localhost:3000/_next/webpack-hmr?id=MVSI6Skg4ORJgBgzdQta6' failed: Error in connection establishment: net::ERR_CONNECTION_REFUSED @ http://localhost:3000/_next/static/chunks/node_modules_next_dist_client_0fhqo1d._.js:13299
[  135601ms] [ERROR] WebSocket connection to 'ws://localhost:3000/_next/webpack-hmr?id=MVSI6Skg4ORJgBgzdQta6' failed: Error in connection establishment: net::ERR_CONNECTION_REFUSED @ http://localhost:3000/_next/static/chunks/node_modules_next_dist_client_0fhqo1d._.js:13299
[  144506ms] [ERROR] WebSocket connection to 'ws://localhost:3000/_next/webpack-hmr?id=MVSI6Skg4ORJgBgzdQta6' failed: Error in connection establishment: net::ERR_CONNECTION_REFUSED @ http://localhost:3000/_next/static/chunks/node_modules_next_dist_client_0fhqo1d._.js:13299
[  158562ms] [ERROR] WebSocket connection to 'ws://localhost:3000/_next/webpack-hmr?id=MVSI6Skg4ORJgBgzdQta6' failed: Error in connection establishment: net::ERR_CONNECTION_REFUSED @ http://localhost:3000/_next/static/chunks/node_modules_next_dist_client_0fhqo1d._.js:13299
